Archive member included to satisfy reference by file (symbol)

../../Lib\libLiftLibrary.a(LiftLibrary.o)
                              main.o (InitializePorts)
c:/program files (x86)/atmel/studio/7.0/toolchain/avr8/avr8-gnu-toolchain/bin/../lib/gcc/avr/5.4.0/avr5\libgcc.a(_udivmodqi4.o)
                              ../../Lib\libLiftLibrary.a(LiftLibrary.o) (__udivmodqi4)
c:/program files (x86)/atmel/studio/7.0/toolchain/avr8/avr8-gnu-toolchain/bin/../lib/gcc/avr/5.4.0/avr5\libgcc.a(_exit.o)
                              C:/Program Files (x86)/Atmel/Studio/7.0/Packs/atmel/ATmega_DFP/1.2.209/gcc/dev/atmega32/avr5/crtatmega32.o (exit)
c:/program files (x86)/atmel/studio/7.0/toolchain/avr8/avr8-gnu-toolchain/bin/../lib/gcc/avr/5.4.0/avr5\libgcc.a(_copy_data.o)
                              ../../Lib\libLiftLibrary.a(LiftLibrary.o) (__do_copy_data)
c:/program files (x86)/atmel/studio/7.0/toolchain/avr8/avr8-gnu-toolchain/bin/../lib/gcc/avr/5.4.0/avr5\libgcc.a(_clear_bss.o)
                              ../../Lib\libLiftLibrary.a(LiftLibrary.o) (__do_clear_bss)

Allocating common symbols
Common symbol       size              file

USART_rxBuffer      0x20              ../../Lib\libLiftLibrary.a(LiftLibrary.o)
liftDoorState       0x8               ../../Lib\libLiftLibrary.a(LiftLibrary.o)

Discarded input sections

 .data          0x00000000        0x0 C:/Program Files (x86)/Atmel/Studio/7.0/Packs/atmel/ATmega_DFP/1.2.209/gcc/dev/atmega32/avr5/crtatmega32.o
 .bss           0x00000000        0x0 C:/Program Files (x86)/Atmel/Studio/7.0/Packs/atmel/ATmega_DFP/1.2.209/gcc/dev/atmega32/avr5/crtatmega32.o
 .text          0x00000000        0x0 main.o
 .data          0x00000000        0x0 main.o
 .bss           0x00000000        0x0 main.o
 .text          0x00000000        0x0 MainController.o
 .data          0x00000000        0x0 MainController.o
 .bss           0x00000000        0x0 MainController.o
 .debug_line    0x00000000        0x0 MainController.o
 .debug_str     0x00000000      0x120 MainController.o
 .comment       0x00000000       0x31 MainController.o
 .text          0x00000000        0x0 MotorController.o
 .data          0x00000000        0x0 MotorController.o
 .bss           0x00000000        0x0 MotorController.o
 .debug_line    0x00000000        0x0 MotorController.o
 .debug_str     0x00000000      0x121 MotorController.o
 .comment       0x00000000       0x31 MotorController.o
 .text          0x00000000        0x0 ../../Lib\libLiftLibrary.a(LiftLibrary.o)
 .data          0x00000000        0x0 ../../Lib\libLiftLibrary.a(LiftLibrary.o)
 .bss           0x00000000        0x0 ../../Lib\libLiftLibrary.a(LiftLibrary.o)
 .text.SetState
                0x00000000       0x20 ../../Lib\libLiftLibrary.a(LiftLibrary.o)
 .text.RegisterFsm
                0x00000000       0x2a ../../Lib\libLiftLibrary.a(LiftLibrary.o)
 .text.DispatchEvent
                0x00000000       0x76 ../../Lib\libLiftLibrary.a(LiftLibrary.o)
 .text.InitializeCounter
                0x00000000       0x2a ../../Lib\libLiftLibrary.a(LiftLibrary.o)
 .text.ReadKeyEvent
                0x00000000       0x16 ../../Lib\libLiftLibrary.a(LiftLibrary.o)
 .text.ReadDoorState
                0x00000000       0x10 ../../Lib\libLiftLibrary.a(LiftLibrary.o)
 .text.SetDoorState
                0x00000000       0x3a ../../Lib\libLiftLibrary.a(LiftLibrary.o)
 .text.MoveElevator
                0x00000000       0x28 ../../Lib\libLiftLibrary.a(LiftLibrary.o)
 .text.CalibrateElevatorPosition
                0x00000000        0x8 ../../Lib\libLiftLibrary.a(LiftLibrary.o)
 .text.ReadElevatorState
                0x00000000        0x6 ../../Lib\libLiftLibrary.a(LiftLibrary.o)
 .text.SetDisplay
                0x00000000        0x6 ../../Lib\libLiftLibrary.a(LiftLibrary.o)
 .text.SetIndicatorFloorState
                0x00000000       0x22 ../../Lib\libLiftLibrary.a(LiftLibrary.o)
 .text.SetIndicatorElevatorState
                0x00000000       0x20 ../../Lib\libLiftLibrary.a(LiftLibrary.o)
 .text.ClrIndicatorFloorState
                0x00000000       0x24 ../../Lib\libLiftLibrary.a(LiftLibrary.o)
 .text.ClrIndicatorElevatorState
                0x00000000       0x22 ../../Lib\libLiftLibrary.a(LiftLibrary.o)
 .text.RegisterTestHandler
                0x00000000        0xa ../../Lib\libLiftLibrary.a(LiftLibrary.o)
 .text.ProcessMessage
                0x00000000       0x8a ../../Lib\libLiftLibrary.a(LiftLibrary.o)
 .text.HandleMessage
                0x00000000       0x52 ../../Lib\libLiftLibrary.a(LiftLibrary.o)
 .text.SetInputOutput
                0x00000000      0x1bc ../../Lib\libLiftLibrary.a(LiftLibrary.o)
 .text.InitializeStart
                0x00000000       0x5c ../../Lib\libLiftLibrary.a(LiftLibrary.o)
 .text.StartTimer
                0x00000000       0x6e ../../Lib\libLiftLibrary.a(LiftLibrary.o)
 .text.StopTimer
                0x00000000       0x3e ../../Lib\libLiftLibrary.a(LiftLibrary.o)
 .bss.terminalRefreshCounter.1887
                0x00000000        0x2 ../../Lib\libLiftLibrary.a(LiftLibrary.o)
 .bss.buttonRefreshCounter.1886
                0x00000000        0x1 ../../Lib\libLiftLibrary.a(LiftLibrary.o)
 .bss.doorRefreshCounter.1885
                0x00000000        0x1 ../../Lib\libLiftLibrary.a(LiftLibrary.o)
 .bss.outputRefreshCounter.1884
                0x00000000        0x2 ../../Lib\libLiftLibrary.a(LiftLibrary.o)
 .bss.msgBuffer.1869
                0x00000000        0xe ../../Lib\libLiftLibrary.a(LiftLibrary.o)
 .bss.bufferIndex.1870
                0x00000000        0x1 ../../Lib\libLiftLibrary.a(LiftLibrary.o)
 .bss.msgLen.1872
                0x00000000        0x1 ../../Lib\libLiftLibrary.a(LiftLibrary.o)
 .bss.msgType.1871
                0x00000000        0x1 ../../Lib\libLiftLibrary.a(LiftLibrary.o)
 .data.anchor   0x00000000        0x5 ../../Lib\libLiftLibrary.a(LiftLibrary.o)
 .bss.EnableStatusUpdate
                0x00000000        0x1 ../../Lib\libLiftLibrary.a(LiftLibrary.o)
 .bss.SystemState
                0x00000000        0x1 ../../Lib\libLiftLibrary.a(LiftLibrary.o)
 .data.doorPositions
                0x00000000        0x5 ../../Lib\libLiftLibrary.a(LiftLibrary.o)
 .bss._testHandler
                0x00000000        0x2 ../../Lib\libLiftLibrary.a(LiftLibrary.o)
 .bss.doorframe
                0x00000000        0x1 ../../Lib\libLiftLibrary.a(LiftLibrary.o)
 .bss.liftPosDisplay_On
                0x00000000        0x1 ../../Lib\libLiftLibrary.a(LiftLibrary.o)
 .bss.displayCache
                0x00000000        0x1 ../../Lib\libLiftLibrary.a(LiftLibrary.o)
 .bss.buttonFloorLed
                0x00000000        0x1 ../../Lib\libLiftLibrary.a(LiftLibrary.o)
 .bss.buttonFloorLed_On
                0x00000000        0x1 ../../Lib\libLiftLibrary.a(LiftLibrary.o)
 .bss.buttonLiftLed
                0x00000000        0x1 ../../Lib\libLiftLibrary.a(LiftLibrary.o)
 .bss.buttonLiftLed_on
                0x00000000        0x1 ../../Lib\libLiftLibrary.a(LiftLibrary.o)
 .bss.floorDisplayPort
                0x00000000        0x1 ../../Lib\libLiftLibrary.a(LiftLibrary.o)
 .bss.liftDisplay7Seg
                0x00000000        0x1 ../../Lib\libLiftLibrary.a(LiftLibrary.o)
 .bss.liftDisplay7Seg_On
                0x00000000        0x1 ../../Lib\libLiftLibrary.a(LiftLibrary.o)
 .text          0x00000000        0x0 c:/program files (x86)/atmel/studio/7.0/toolchain/avr8/avr8-gnu-toolchain/bin/../lib/gcc/avr/5.4.0/avr5\libgcc.a(_udivmodqi4.o)
 .data          0x00000000        0x0 c:/program files (x86)/atmel/studio/7.0/toolchain/avr8/avr8-gnu-toolchain/bin/../lib/gcc/avr/5.4.0/avr5\libgcc.a(_udivmodqi4.o)
 .bss           0x00000000        0x0 c:/program files (x86)/atmel/studio/7.0/toolchain/avr8/avr8-gnu-toolchain/bin/../lib/gcc/avr/5.4.0/avr5\libgcc.a(_udivmodqi4.o)
 .text.libgcc.mul
                0x00000000        0x0 c:/program files (x86)/atmel/studio/7.0/toolchain/avr8/avr8-gnu-toolchain/bin/../lib/gcc/avr/5.4.0/avr5\libgcc.a(_udivmodqi4.o)
 .text.libgcc   0x00000000        0x0 c:/program files (x86)/atmel/studio/7.0/toolchain/avr8/avr8-gnu-toolchain/bin/../lib/gcc/avr/5.4.0/avr5\libgcc.a(_udivmodqi4.o)
 .text.libgcc.prologue
                0x00000000        0x0 c:/program files (x86)/atmel/studio/7.0/toolchain/avr8/avr8-gnu-toolchain/bin/../lib/gcc/avr/5.4.0/avr5\libgcc.a(_udivmodqi4.o)
 .text.libgcc.builtins
                0x00000000        0x0 c:/program files (x86)/atmel/studio/7.0/toolchain/avr8/avr8-gnu-toolchain/bin/../lib/gcc/avr/5.4.0/avr5\libgcc.a(_udivmodqi4.o)
 .text.libgcc.fmul
                0x00000000        0x0 c:/program files (x86)/atmel/studio/7.0/toolchain/avr8/avr8-gnu-toolchain/bin/../lib/gcc/avr/5.4.0/avr5\libgcc.a(_udivmodqi4.o)
 .text.libgcc.fixed
                0x00000000        0x0 c:/program files (x86)/atmel/studio/7.0/toolchain/avr8/avr8-gnu-toolchain/bin/../lib/gcc/avr/5.4.0/avr5\libgcc.a(_udivmodqi4.o)
 .text          0x00000000        0x0 c:/program files (x86)/atmel/studio/7.0/toolchain/avr8/avr8-gnu-toolchain/bin/../lib/gcc/avr/5.4.0/avr5\libgcc.a(_exit.o)
 .data          0x00000000        0x0 c:/program files (x86)/atmel/studio/7.0/toolchain/avr8/avr8-gnu-toolchain/bin/../lib/gcc/avr/5.4.0/avr5\libgcc.a(_exit.o)
 .bss           0x00000000        0x0 c:/program files (x86)/atmel/studio/7.0/toolchain/avr8/avr8-gnu-toolchain/bin/../lib/gcc/avr/5.4.0/avr5\libgcc.a(_exit.o)
 .text.libgcc.mul
                0x00000000        0x0 c:/program files (x86)/atmel/studio/7.0/toolchain/avr8/avr8-gnu-toolchain/bin/../lib/gcc/avr/5.4.0/avr5\libgcc.a(_exit.o)
 .text.libgcc.div
                0x00000000        0x0 c:/program files (x86)/atmel/studio/7.0/toolchain/avr8/avr8-gnu-toolchain/bin/../lib/gcc/avr/5.4.0/avr5\libgcc.a(_exit.o)
 .text.libgcc   0x00000000        0x0 c:/program files (x86)/atmel/studio/7.0/toolchain/avr8/avr8-gnu-toolchain/bin/../lib/gcc/avr/5.4.0/avr5\libgcc.a(_exit.o)
 .text.libgcc.prologue
                0x00000000        0x0 c:/program files (x86)/atmel/studio/7.0/toolchain/avr8/avr8-gnu-toolchain/bin/../lib/gcc/avr/5.4.0/avr5\libgcc.a(_exit.o)
 .text.libgcc.builtins
                0x00000000        0x0 c:/program files (x86)/atmel/studio/7.0/toolchain/avr8/avr8-gnu-toolchain/bin/../lib/gcc/avr/5.4.0/avr5\libgcc.a(_exit.o)
 .text.libgcc.fmul
                0x00000000        0x0 c:/program files (x86)/atmel/studio/7.0/toolchain/avr8/avr8-gnu-toolchain/bin/../lib/gcc/avr/5.4.0/avr5\libgcc.a(_exit.o)
 .text.libgcc.fixed
                0x00000000        0x0 c:/program files (x86)/atmel/studio/7.0/toolchain/avr8/avr8-gnu-toolchain/bin/../lib/gcc/avr/5.4.0/avr5\libgcc.a(_exit.o)
 .text          0x00000000        0x0 c:/program files (x86)/atmel/studio/7.0/toolchain/avr8/avr8-gnu-toolchain/bin/../lib/gcc/avr/5.4.0/avr5\libgcc.a(_copy_data.o)
 .data          0x00000000        0x0 c:/program files (x86)/atmel/studio/7.0/toolchain/avr8/avr8-gnu-toolchain/bin/../lib/gcc/avr/5.4.0/avr5\libgcc.a(_copy_data.o)
 .bss           0x00000000        0x0 c:/program files (x86)/atmel/studio/7.0/toolchain/avr8/avr8-gnu-toolchain/bin/../lib/gcc/avr/5.4.0/avr5\libgcc.a(_copy_data.o)
 .text.libgcc.mul
                0x00000000        0x0 c:/program files (x86)/atmel/studio/7.0/toolchain/avr8/avr8-gnu-toolchain/bin/../lib/gcc/avr/5.4.0/avr5\libgcc.a(_copy_data.o)
 .text.libgcc.div
                0x00000000        0x0 c:/program files (x86)/atmel/studio/7.0/toolchain/avr8/avr8-gnu-toolchain/bin/../lib/gcc/avr/5.4.0/avr5\libgcc.a(_copy_data.o)
 .text.libgcc   0x00000000        0x0 c:/program files (x86)/atmel/studio/7.0/toolchain/avr8/avr8-gnu-toolchain/bin/../lib/gcc/avr/5.4.0/avr5\libgcc.a(_copy_data.o)
 .text.libgcc.prologue
                0x00000000        0x0 c:/program files (x86)/atmel/studio/7.0/toolchain/avr8/avr8-gnu-toolchain/bin/../lib/gcc/avr/5.4.0/avr5\libgcc.a(_copy_data.o)
 .text.libgcc.builtins
                0x00000000        0x0 c:/program files (x86)/atmel/studio/7.0/toolchain/avr8/avr8-gnu-toolchain/bin/../lib/gcc/avr/5.4.0/avr5\libgcc.a(_copy_data.o)
 .text.libgcc.fmul
                0x00000000        0x0 c:/program files (x86)/atmel/studio/7.0/toolchain/avr8/avr8-gnu-toolchain/bin/../lib/gcc/avr/5.4.0/avr5\libgcc.a(_copy_data.o)
 .text.libgcc.fixed
                0x00000000        0x0 c:/program files (x86)/atmel/studio/7.0/toolchain/avr8/avr8-gnu-toolchain/bin/../lib/gcc/avr/5.4.0/avr5\libgcc.a(_copy_data.o)
 .text          0x00000000        0x0 c:/program files (x86)/atmel/studio/7.0/toolchain/avr8/avr8-gnu-toolchain/bin/../lib/gcc/avr/5.4.0/avr5\libgcc.a(_clear_bss.o)
 .data          0x00000000        0x0 c:/program files (x86)/atmel/studio/7.0/toolchain/avr8/avr8-gnu-toolchain/bin/../lib/gcc/avr/5.4.0/avr5\libgcc.a(_clear_bss.o)
 .bss           0x00000000        0x0 c:/program files (x86)/atmel/studio/7.0/toolchain/avr8/avr8-gnu-toolchain/bin/../lib/gcc/avr/5.4.0/avr5\libgcc.a(_clear_bss.o)
 .text.libgcc.mul
                0x00000000        0x0 c:/program files (x86)/atmel/studio/7.0/toolchain/avr8/avr8-gnu-toolchain/bin/../lib/gcc/avr/5.4.0/avr5\libgcc.a(_clear_bss.o)
 .text.libgcc.div
                0x00000000        0x0 c:/program files (x86)/atmel/studio/7.0/toolchain/avr8/avr8-gnu-toolchain/bin/../lib/gcc/avr/5.4.0/avr5\libgcc.a(_clear_bss.o)
 .text.libgcc   0x00000000        0x0 c:/program files (x86)/atmel/studio/7.0/toolchain/avr8/avr8-gnu-toolchain/bin/../lib/gcc/avr/5.4.0/avr5\libgcc.a(_clear_bss.o)
 .text.libgcc.prologue
                0x00000000        0x0 c:/program files (x86)/atmel/studio/7.0/toolchain/avr8/avr8-gnu-toolchain/bin/../lib/gcc/avr/5.4.0/avr5\libgcc.a(_clear_bss.o)
 .text.libgcc.builtins
                0x00000000        0x0 c:/program files (x86)/atmel/studio/7.0/toolchain/avr8/avr8-gnu-toolchain/bin/../lib/gcc/avr/5.4.0/avr5\libgcc.a(_clear_bss.o)
 .text.libgcc.fmul
                0x00000000        0x0 c:/program files (x86)/atmel/studio/7.0/toolchain/avr8/avr8-gnu-toolchain/bin/../lib/gcc/avr/5.4.0/avr5\libgcc.a(_clear_bss.o)
 .text.libgcc.fixed
                0x00000000        0x0 c:/program files (x86)/atmel/studio/7.0/toolchain/avr8/avr8-gnu-toolchain/bin/../lib/gcc/avr/5.4.0/avr5\libgcc.a(_clear_bss.o)

Memory Configuration

Name             Origin             Length             Attributes
text             0x00000000         0x00020000         xr
data             0x00800060         0x0000ffa0         rw !x
eeprom           0x00810000         0x00010000         rw !x
fuse             0x00820000         0x00000002         rw !x
lock             0x00830000         0x00000400         rw !x
signature        0x00840000         0x00000400         rw !x
user_signatures  0x00850000         0x00000400         rw !x
*default*        0x00000000         0xffffffff

Linker script and memory map

LOAD C:/Program Files (x86)/Atmel/Studio/7.0/Packs/atmel/ATmega_DFP/1.2.209/gcc/dev/atmega32/avr5/crtatmega32.o
LOAD main.o
LOAD MainController.o
LOAD MotorController.o
START GROUP
LOAD c:/program files (x86)/atmel/studio/7.0/toolchain/avr8/avr8-gnu-toolchain/bin/../lib/gcc/avr/5.4.0/../../../../avr/lib/avr5\libm.a
LOAD ../../Lib\libLiftLibrary.a
END GROUP
START GROUP
LOAD c:/program files (x86)/atmel/studio/7.0/toolchain/avr8/avr8-gnu-toolchain/bin/../lib/gcc/avr/5.4.0/avr5\libgcc.a
LOAD c:/program files (x86)/atmel/studio/7.0/toolchain/avr8/avr8-gnu-toolchain/bin/../lib/gcc/avr/5.4.0/../../../../avr/lib/avr5\libm.a
LOAD c:/program files (x86)/atmel/studio/7.0/toolchain/avr8/avr8-gnu-toolchain/bin/../lib/gcc/avr/5.4.0/../../../../avr/lib/avr5\libc.a
LOAD C:/Program Files (x86)/Atmel/Studio/7.0/Packs/atmel/ATmega_DFP/1.2.209/gcc/dev/atmega32/avr5\libatmega32.a
END GROUP
                0x00020000                __TEXT_REGION_LENGTH__ = DEFINED (__TEXT_REGION_LENGTH__)?__TEXT_REGION_LENGTH__:0x20000
                0x0000ffa0                __DATA_REGION_LENGTH__ = DEFINED (__DATA_REGION_LENGTH__)?__DATA_REGION_LENGTH__:0xffa0
                0x00010000                __EEPROM_REGION_LENGTH__ = DEFINED (__EEPROM_REGION_LENGTH__)?__EEPROM_REGION_LENGTH__:0x10000
                [0x00000002]                __FUSE_REGION_LENGTH__ = DEFINED (__FUSE_REGION_LENGTH__)?__FUSE_REGION_LENGTH__:0x400
                0x00000400                __LOCK_REGION_LENGTH__ = DEFINED (__LOCK_REGION_LENGTH__)?__LOCK_REGION_LENGTH__:0x400
                0x00000400                __SIGNATURE_REGION_LENGTH__ = DEFINED (__SIGNATURE_REGION_LENGTH__)?__SIGNATURE_REGION_LENGTH__:0x400
                0x00000400                __USER_SIGNATURE_REGION_LENGTH__ = DEFINED (__USER_SIGNATURE_REGION_LENGTH__)?__USER_SIGNATURE_REGION_LENGTH__:0x400

.hash
 *(.hash)

.dynsym
 *(.dynsym)

.dynstr
 *(.dynstr)

.gnu.version
 *(.gnu.version)

.gnu.version_d
 *(.gnu.version_d)

.gnu.version_r
 *(.gnu.version_r)

.rel.init
 *(.rel.init)

.rela.init
 *(.rela.init)

.rel.text
 *(.rel.text)
 *(.rel.text.*)
 *(.rel.gnu.linkonce.t*)

.rela.text
 *(.rela.text)
 *(.rela.text.*)
 *(.rela.gnu.linkonce.t*)

.rel.fini
 *(.rel.fini)

.rela.fini
 *(.rela.fini)

.rel.rodata
 *(.rel.rodata)
 *(.rel.rodata.*)
 *(.rel.gnu.linkonce.r*)

.rela.rodata
 *(.rela.rodata)
 *(.rela.rodata.*)
 *(.rela.gnu.linkonce.r*)

.rel.data
 *(.rel.data)
 *(.rel.data.*)
 *(.rel.gnu.linkonce.d*)

.rela.data
 *(.rela.data)
 *(.rela.data.*)
 *(.rela.gnu.linkonce.d*)

.rel.ctors
 *(.rel.ctors)

.rela.ctors
 *(.rela.ctors)

.rel.dtors
 *(.rel.dtors)

.rela.dtors
 *(.rela.dtors)

.rel.got
 *(.rel.got)

.rela.got
 *(.rela.got)

.rel.bss
 *(.rel.bss)

.rela.bss
 *(.rela.bss)

.rel.plt
 *(.rel.plt)

.rela.plt
 *(.rela.plt)

.text           0x00000000      0x446
 *(.vectors)
 .vectors       0x00000000       0x54 C:/Program Files (x86)/Atmel/Studio/7.0/Packs/atmel/ATmega_DFP/1.2.209/gcc/dev/atmega32/avr5/crtatmega32.o
                0x00000000                __vector_default
                0x00000000                __vectors
 *(.vectors)
 *(.progmem.gcc*)
                0x00000054                . = ALIGN (0x2)
                0x00000054                __trampolines_start = .
 *(.trampolines)
 .trampolines   0x00000054        0x0 linker stubs
 *(.trampolines*)
                0x00000054                __trampolines_end = .
 *libprintf_flt.a:*(.progmem.data)
 *libc.a:*(.progmem.data)
 *(.progmem*)
                0x00000054                . = ALIGN (0x2)
 *(.jumptables)
 *(.jumptables*)
 *(.lowtext)
 *(.lowtext*)
                0x00000054                __ctors_start = .
 *(.ctors)
                0x00000054                __ctors_end = .
                0x00000054                __dtors_start = .
 *(.dtors)
                0x00000054                __dtors_end = .
 SORT(*)(.ctors)
 SORT(*)(.dtors)
 *(.init0)
 .init0         0x00000054        0x0 C:/Program Files (x86)/Atmel/Studio/7.0/Packs/atmel/ATmega_DFP/1.2.209/gcc/dev/atmega32/avr5/crtatmega32.o
                0x00000054                __init
 *(.init0)
 *(.init1)
 *(.init1)
 *(.init2)
 .init2         0x00000054        0xc C:/Program Files (x86)/Atmel/Studio/7.0/Packs/atmel/ATmega_DFP/1.2.209/gcc/dev/atmega32/avr5/crtatmega32.o
 *(.init2)
 *(.init3)
 *(.init3)
 *(.init4)
 .init4         0x00000060       0x16 c:/program files (x86)/atmel/studio/7.0/toolchain/avr8/avr8-gnu-toolchain/bin/../lib/gcc/avr/5.4.0/avr5\libgcc.a(_copy_data.o)
                0x00000060                __do_copy_data
 .init4         0x00000076       0x10 c:/program files (x86)/atmel/studio/7.0/toolchain/avr8/avr8-gnu-toolchain/bin/../lib/gcc/avr/5.4.0/avr5\libgcc.a(_clear_bss.o)
                0x00000076                __do_clear_bss
 *(.init4)
 *(.init5)
 *(.init5)
 *(.init6)
 *(.init6)
 *(.init7)
 *(.init7)
 *(.init8)
 *(.init8)
 *(.init9)
 .init9         0x00000086        0x8 C:/Program Files (x86)/Atmel/Studio/7.0/Packs/atmel/ATmega_DFP/1.2.209/gcc/dev/atmega32/avr5/crtatmega32.o
 *(.init9)
 *(.text)
 .text          0x0000008e        0x4 C:/Program Files (x86)/Atmel/Studio/7.0/Packs/atmel/ATmega_DFP/1.2.209/gcc/dev/atmega32/avr5/crtatmega32.o
                0x0000008e                __vector_12
                0x0000008e                __bad_interrupt
                0x0000008e                __vector_6
                0x0000008e                __vector_3
                0x0000008e                __vector_11
                0x0000008e                __vector_17
                0x0000008e                __vector_19
                0x0000008e                __vector_5
                0x0000008e                __vector_4
                0x0000008e                __vector_9
                0x0000008e                __vector_2
                0x0000008e                __vector_15
                0x0000008e                __vector_8
                0x0000008e                __vector_14
                0x0000008e                __vector_16
                0x0000008e                __vector_18
                0x0000008e                __vector_20
                0x00000092                . = ALIGN (0x2)
 *(.text.*)
 .text.main     0x00000092        0xa main.o
                0x00000092                main
 .text.EnterAtomic
                0x0000009c        0xe ../../Lib\libLiftLibrary.a(LiftLibrary.o)
                0x0000009c                EnterAtomic
 .text.LeaveAtomic
                0x000000aa       0x12 ../../Lib\libLiftLibrary.a(LiftLibrary.o)
                0x000000aa                LeaveAtomic
 .text.Usart_Init
                0x000000bc       0x12 ../../Lib\libLiftLibrary.a(LiftLibrary.o)
                0x000000bc                Usart_Init
 .text.InitializePorts
                0x000000ce       0x1c ../../Lib\libLiftLibrary.a(LiftLibrary.o)
                0x000000ce                InitializePorts
 .text.Usart_PutChar
                0x000000ea        0x8 ../../Lib\libLiftLibrary.a(LiftLibrary.o)
                0x000000ea                Usart_PutChar
 .text.SendEvent
                0x000000f2       0x76 ../../Lib\libLiftLibrary.a(LiftLibrary.o)
                0x000000f2                SendEvent
 .text.MakeDoorStates
                0x00000168       0x8a ../../Lib\libLiftLibrary.a(LiftLibrary.o)
                0x00000168                MakeDoorStates
 .text.__vector_1
                0x000001f2       0x68 ../../Lib\libLiftLibrary.a(LiftLibrary.o)
                0x000001f2                __vector_1
 .text.__vector_13
                0x0000025a       0x6c ../../Lib\libLiftLibrary.a(LiftLibrary.o)
                0x0000025a                __vector_13
 .text.__vector_7
                0x000002c6       0xa2 ../../Lib\libLiftLibrary.a(LiftLibrary.o)
                0x000002c6                __vector_7
 .text.__vector_10
                0x00000368       0xc2 ../../Lib\libLiftLibrary.a(LiftLibrary.o)
                0x00000368                __vector_10
 .text.libgcc.div
                0x0000042a       0x18 c:/program files (x86)/atmel/studio/7.0/toolchain/avr8/avr8-gnu-toolchain/bin/../lib/gcc/avr/5.4.0/avr5\libgcc.a(_udivmodqi4.o)
                0x0000042a                __udivmodqi4
                0x00000442                . = ALIGN (0x2)
 *(.fini9)
 .fini9         0x00000442        0x0 c:/program files (x86)/atmel/studio/7.0/toolchain/avr8/avr8-gnu-toolchain/bin/../lib/gcc/avr/5.4.0/avr5\libgcc.a(_exit.o)
                0x00000442                _exit
                0x00000442                exit
 *(.fini9)
 *(.fini8)
 *(.fini8)
 *(.fini7)
 *(.fini7)
 *(.fini6)
 *(.fini6)
 *(.fini5)
 *(.fini5)
 *(.fini4)
 *(.fini4)
 *(.fini3)
 *(.fini3)
 *(.fini2)
 *(.fini2)
 *(.fini1)
 *(.fini1)
 *(.fini0)
 .fini0         0x00000442        0x4 c:/program files (x86)/atmel/studio/7.0/toolchain/avr8/avr8-gnu-toolchain/bin/../lib/gcc/avr/5.4.0/avr5\libgcc.a(_exit.o)
 *(.fini0)
                0x00000446                _etext = .

.data           0x00800060        0x8 load address 0x00000446
                0x00800060                PROVIDE (__data_start, .)
 *(.data)
 *(.data*)
 .data.Elevator
                0x00800060        0x7 ../../Lib\libLiftLibrary.a(LiftLibrary.o)
 *(.gnu.linkonce.d*)
 *(.rodata)
 *(.rodata*)
 *(.gnu.linkonce.r*)
                0x00800068                . = ALIGN (0x2)
 *fill*         0x00800067        0x1 
                0x00800068                _edata = .
                0x00800068                PROVIDE (__data_end, .)

.bss            0x00800068       0xc3
                0x00800068                PROVIDE (__bss_start, .)
 *(.bss)
 *(.bss*)
 .bss.DoorTick.1963
                0x00800068        0x1 ../../Lib\libLiftLibrary.a(LiftLibrary.o)
 .bss.ElevatorTick.1962
                0x00800069        0x1 ../../Lib\libLiftLibrary.a(LiftLibrary.o)
 .bss.msgQ_out  0x0080006a        0x1 ../../Lib\libLiftLibrary.a(LiftLibrary.o)
 .bss.msgQ_in   0x0080006b        0x1 ../../Lib\libLiftLibrary.a(LiftLibrary.o)
 .bss.msgQueue  0x0080006c       0x80 ../../Lib\libLiftLibrary.a(LiftLibrary.o)
 .bss.enterAtomicNesting
                0x008000ec        0x1 ../../Lib\libLiftLibrary.a(LiftLibrary.o)
 .bss.OpenDoors
                0x008000ed        0x1 ../../Lib\libLiftLibrary.a(LiftLibrary.o)
 .bss.ButtonState
                0x008000ee        0x2 ../../Lib\libLiftLibrary.a(LiftLibrary.o)
                0x008000ee                ButtonState
 .bss.WaitingTimer
                0x008000f0       0x10 ../../Lib\libLiftLibrary.a(LiftLibrary.o)
 .bss.UsedTimers
                0x00800100        0x1 ../../Lib\libLiftLibrary.a(LiftLibrary.o)
 .bss.USART_rxBufferOut
                0x00800101        0x1 ../../Lib\libLiftLibrary.a(LiftLibrary.o)
 .bss.USART_rxBufferIn
                0x00800102        0x1 ../../Lib\libLiftLibrary.a(LiftLibrary.o)
 *(COMMON)
 COMMON         0x00800103       0x28 ../../Lib\libLiftLibrary.a(LiftLibrary.o)
                0x00800103                USART_rxBuffer
                0x00800123                liftDoorState
                0x0080012b                PROVIDE (__bss_end, .)
                0x00000446                __data_load_start = LOADADDR (.data)
                0x0000044e                __data_load_end = (__data_load_start + SIZEOF (.data))

.noinit         0x0080012b        0x0
                [!provide]                PROVIDE (__noinit_start, .)
 *(.noinit*)
                [!provide]                PROVIDE (__noinit_end, .)
                0x0080012b                _end = .
                [!provide]                PROVIDE (__heap_start, .)

.eeprom         0x00810000        0x0
 *(.eeprom*)
                0x00810000                __eeprom_end = .

.fuse
 *(.fuse)
 *(.lfuse)
 *(.hfuse)
 *(.efuse)

.lock
 *(.lock*)

.signature
 *(.signature*)

.user_signatures
 *(.user_signatures*)

.stab
 *(.stab)

.stabstr
 *(.stabstr)

.stab.excl
 *(.stab.excl)

.stab.exclstr
 *(.stab.exclstr)

.stab.index
 *(.stab.index)

.stab.indexstr
 *(.stab.indexstr)

.comment        0x00000000       0x30
 *(.comment)
 .comment       0x00000000       0x30 main.o
                                 0x31 (size before relaxing)
 .comment       0x00000030       0x31 ../../Lib\libLiftLibrary.a(LiftLibrary.o)

.note.gnu.avr.deviceinfo
                0x00000000       0x3c
 .note.gnu.avr.deviceinfo
                0x00000000       0x3c C:/Program Files (x86)/Atmel/Studio/7.0/Packs/atmel/ATmega_DFP/1.2.209/gcc/dev/atmega32/avr5/crtatmega32.o

.note.gnu.build-id
 *(.note.gnu.build-id)

.debug
 *(.debug)

.line
 *(.line)

.debug_srcinfo
 *(.debug_srcinfo)

.debug_sfnames
 *(.debug_sfnames)

.debug_aranges  0x00000000      0x140
 *(.debug_aranges)
 .debug_aranges
                0x00000000       0x20 main.o
 .debug_aranges
                0x00000020      0x120 ../../Lib\libLiftLibrary.a(LiftLibrary.o)

.debug_pubnames
 *(.debug_pubnames)

.debug_info     0x00000000     0x177a
 *(.debug_info .gnu.linkonce.wi.*)
 .debug_info    0x00000000      0x4e6 C:/Program Files (x86)/Atmel/Studio/7.0/Packs/atmel/ATmega_DFP/1.2.209/gcc/dev/atmega32/avr5/crtatmega32.o
 .debug_info    0x000004e6       0x98 main.o
 .debug_info    0x0000057e     0x11fc ../../Lib\libLiftLibrary.a(LiftLibrary.o)

.debug_abbrev   0x00000000      0x8f7
 *(.debug_abbrev)
 .debug_abbrev  0x00000000      0x4a3 C:/Program Files (x86)/Atmel/Studio/7.0/Packs/atmel/ATmega_DFP/1.2.209/gcc/dev/atmega32/avr5/crtatmega32.o
 .debug_abbrev  0x000004a3       0x65 main.o
 .debug_abbrev  0x00000508      0x3ef ../../Lib\libLiftLibrary.a(LiftLibrary.o)

.debug_line     0x00000000      0xa59
 *(.debug_line .debug_line.* .debug_line_end)
 .debug_line    0x00000000      0x115 C:/Program Files (x86)/Atmel/Studio/7.0/Packs/atmel/ATmega_DFP/1.2.209/gcc/dev/atmega32/avr5/crtatmega32.o
 .debug_line    0x00000115       0x64 main.o
 .debug_line    0x00000179      0x8e0 ../../Lib\libLiftLibrary.a(LiftLibrary.o)

.debug_frame    0x00000000      0x404
 *(.debug_frame)
 .debug_frame   0x00000000       0x24 main.o
 .debug_frame   0x00000024      0x3e0 ../../Lib\libLiftLibrary.a(LiftLibrary.o)

.debug_str      0x00000000      0xd7f
 *(.debug_str)
 .debug_str     0x00000000      0x196 C:/Program Files (x86)/Atmel/Studio/7.0/Packs/atmel/ATmega_DFP/1.2.209/gcc/dev/atmega32/avr5/crtatmega32.o
 .debug_str     0x00000196      0x15e main.o
                                0x192 (size before relaxing)
 .debug_str     0x000002f4      0xa8b ../../Lib\libLiftLibrary.a(LiftLibrary.o)
                                0xb34 (size before relaxing)

.debug_loc      0x00000000      0xe57
 *(.debug_loc)
 .debug_loc     0x00000000      0xe57 ../../Lib\libLiftLibrary.a(LiftLibrary.o)

.debug_macinfo
 *(.debug_macinfo)

.debug_weaknames
 *(.debug_weaknames)

.debug_funcnames
 *(.debug_funcnames)

.debug_typenames
 *(.debug_typenames)

.debug_varnames
 *(.debug_varnames)

.debug_pubtypes
 *(.debug_pubtypes)

.debug_ranges   0x00000000      0x120
 *(.debug_ranges)
 .debug_ranges  0x00000000       0x10 main.o
 .debug_ranges  0x00000010      0x110 ../../Lib\libLiftLibrary.a(LiftLibrary.o)

.debug_macro
 *(.debug_macro)
OUTPUT(LiftSimulation.elf elf32-avr)
LOAD linker stubs
